// Jest Snapshot v1, https://goo.gl/fbAQLP

exports[`AboutPanel renders correctly 1`] = `
<StyledPanelBase
  headerText="About"
  isLightDismiss={true}
  isOpen={true}
  onDismissed={[Function]}
  type={1}
>
  <div>
    <h3>
      variED: The variability editor
    </h3>
    <p>
      View, edit and analyze feature models in the browser - with support for real-time collaboration.
    </p>
    <p>
      This project is a research effort of the 
      <StyledLinkBase
        href="http://www.dbse.ovgu.de/"
        target="_blank"
      >
        DBSE working group
      </StyledLinkBase>
       and has been released under the 
      <StyledLinkBase
        href="https://github.com/ekuiter/variED/blob/master/LICENSE.txt"
        target="_blank"
      >
        LGPL v3 license
      </StyledLinkBase>
      .
    </p>
    <p>
      If you would like to leave any feedback, use our 
      <StyledLinkBase
        href="https://goo.gl/forms/uUJmj68FYir9vEI13"
        target="_blank"
      >
        online form
      </StyledLinkBase>
       or 
      <StyledLinkBase
        href="mailto:kuiter@ovgu.de"
      >
        mail me
      </StyledLinkBase>
      .
    </p>
    <p>
      <StyledLinkBase
        href="https://github.com/ekuiter/variED"
        target="_blank"
      >
        View source code on GitHub
      </StyledLinkBase>
    </p>
  </div>
</StyledPanelBase>
`;
